08-06-2001 07:36:11 RAGAN, STEVE L.     Past Due Detailed         1 Page(s).
08-06-2001 07:37:17 RAGAN, STEVE L.     Past Due Detailed         1 Page(s).
08-06-2001 08:13:24 TAYLOR JOSEPH A.    Past Due Detailed         6 Page(s).
08-06-2001 08:23:38 ADAMS, GREG J.      Past Due Detailed        12 Page(s).
08-06-2001 09:14:16 ADAMS, GREG J.      Past Due Detailed         2 Page(s).
08-06-2001 09:20:46 ADAMS, GREG J.      Past Due Detailed         7 Page(s).
08-06-2001 09:21:44 HESTER, SHANNON D.  Agreement Detail          1 Page(s).
08-06-2001 09:33:08 TAYLOR JOSEPH A.    Agreement Detail          1 Page(s).
08-06-2001 09:40:53 TAYLOR JOSEPH A.    Idle Inventory Listing    5 Page(s).
08-06-2001 09:44:16 TAYLOR JOSEPH A.    Merchandise Rates         3 Page(s).
08-06-2001 11:56:53 TAYLOR JOSEPH A.    Past Due Detailed         1 Page(s).
08-06-2001 12:16:14 TAYLOR JOSEPH A.    Merchandise Rates         3 Page(s).
08-06-2001 13:09:08 ADAMS, GREG J.      Agreement Detail          1 Page(s).
08-06-2001 13:09:39 ADAMS, GREG J.      Agreement Detail          1 Page(s).
08-06-2001 13:11:30 ADAMS, GREG J.      Agreement Detail          1 Page(s).
08-06-2001 13:12:18 ADAMS, GREG J.      Past Due Quick            1 Page(s).
08-06-2001 14:20:12 ADAMS, GREG J.      Agreement Detail          1 Page(s).
08-06-2001 14:21:40 ADAMS, GREG J.      Past Due Quick            1 Page(s).
08-06-2001 15:48:09 ADAMS, GREG J.      Past Due Detailed         5 Page(s).
08-06-2001 17:15:52 ADAMS, GREG J.      Agreement Detail          1 Page(s).
08-06-2001 17:16:15 ADAMS, GREG J.      Agreement Detail          1 Page(s).
08-06-2001 17:19:11 ADAMS, GREG J.      Cash Journal              1 Page(s).
08-06-2001 17:26:52 TAYLOR JOSEPH A.    Cash Journal              1 Page(s).
08-06-2001 17:30:32 TAYLOR JOSEPH A.    Cash Journal              1 Page(s).
08-07-2001 08:32:41 ADAMS, GREG J.      Past Due Quick            1 Page(s).
08-07-2001 08:33:26 ADAMS, GREG J.      Past Due Quick            1 Page(s).
08-07-2001 08:57:17 ADAMS, GREG J.      Past Due Detailed         2 Page(s).
08-07-2001 09:03:36 ADAMS, GREG J.      Past Due Detailed         5 Page(s).
08-07-2001 09:08:25 ADAMS, GREG J.      Past Due Detailed         5 Page(s).
08-07-2001 10:27:52 HESTER, SHANNON D.  Past Due Quick            1 Page(s).
08-07-2001 13:29:22 TAYLOR JOSEPH A.    Agreement Detail          1 Page(s).
08-07-2001 15:12:06 ADAMS, GREG J.      Agreement Detail          1 Page(s).
08-07-2001 15:12:34 ADAMS, GREG J.      Agreement Detail          1 Page(s).
08-07-2001 15:39:06 ADAMS, GREG J.      Agreement Detail          1 Page(s).
08-07-2001 17:07:08 ADAMS, GREG J.      Cash Journal              1 Page(s).
08-07-2001 17:11:09 ADAMS, GREG J.      Cash Journal              1 Page(s).
08-08-2001 08:46:22 ADAMS, GREG J.      Past Due Quick            1 Page(s).
08-08-2001 08:47:18 ADAMS, GREG J.      Past Due Quick            1 Page(s).
08-08-2001 12:43:31 ADAMS, GREG J.      BOR Listing               5 Page(s).
08-08-2001 12:50:40 ADAMS, GREG J.      BOR Listing               5 Page(s).
08-08-2001 17:03:23 ADAMS, GREG J.      Cash Journal              1 Page(s).
08-08-2001 17:06:11 ADAMS, GREG J.      Cash Journal              1 Page(s).
08-09-2001 08:43:37 TAYLOR JOSEPH A.    Idle Inventory Listing    5 Page(s).
08-09-2001 08:58:48 TAYLOR JOSEPH A.    Past Due Quick            1 Page(s).
08-09-2001 09:02:55 HESTER, SHANNON D.  Past Due Quick            1 Page(s).
08-09-2001 09:28:09 TAYLOR JOSEPH A.    Past Due Detailed         3 Page(s).
08-09-2001 10:11:16 TAYLOR JOSEPH A.    Merchandise Rates         3 Page(s).
08-09-2001 17:32:07 TAYLOR JOSEPH A.    Cash Journal              1 Page(s).
08-09-2001 17:35:43 TAYLOR JOSEPH A.    Cash Journal              1 Page(s).
08-10-2001 08:35:19 TAYLOR JOSEPH A.    Past Due Quick            1 Page(s).
08-10-2001 08:39:39 ADAMS, GREG J.      Past Due Quick            1 Page(s).
08-10-2001 08:41:09 ADAMS, GREG J.      Past Due Quick            1 Page(s).
08-10-2001 09:18:12 TAYLOR JOSEPH A.    Agreement Detail          1 Page(s).
08-10-2001 09:27:52 PERRY JAMES R.      Bad Check Report          2 Page(s).
08-10-2001 09:28:02 PERRY JAMES R.      Loaner & Service Detail   1 Page(s).
08-10-2001 09:28:31 PERRY JAMES R.      Service Detail            1 Page(s).
08-10-2001 09:34:32 PERRY JAMES R.      Idle Inventory Listing    5 Page(s).
08-10-2001 09:44:43 PERRY JAMES R.      BOR Listing               5 Page(s).
08-10-2001 09:55:53 PERRY JAMES R.      Inventory Audit          13 Page(s).
08-10-2001 09:59:58 ADAMS, GREG J.      Past Due Detailed         3 Page(s).
08-10-2001 10:42:58 ADAMS, GREG J.      Past Due Quick            2 Page(s).
08-10-2001 14:22:43 ADAMS, GREG J.      Past Due Quick            1 Page(s).
08-10-2001 14:50:02 ADAMS, GREG J.      Past Due Quick            1 Page(s).
08-10-2001 14:59:09 ADAMS, GREG J.      Past Due Quick            1 Page(s).
08-10-2001 15:33:01 HESTER, SHANNON D.  Past Due Quick            1 Page(s).
08-10-2001 17:18:33 ADAMS, GREG J.      Agreement Detail          1 Page(s).
08-10-2001 18:04:03 ADAMS, GREG J.      Cash Journal              1 Page(s).
08-10-2001 18:08:09 ADAMS, GREG J.      Cash Journal              1 Page(s).
08-11-2001 08:10:32 TAYLOR JOSEPH A.    Past Due Detailed         2 Page(s).
08-11-2001 08:15:55 TAYLOR JOSEPH A.    Past Due Detailed         2 Page(s).
08-11-2001 08:17:25 TAYLOR JOSEPH A.    Past Due Detailed         2 Page(s).
08-11-2001 13:57:35 ADAMS, GREG J.      Past Due Detailed         2 Page(s).
08-11-2001 14:25:40 TAYLOR JOSEPH A.    Merchandise Rates         3 Page(s).
08-11-2001 15:32:54 ADAMS, GREG J.      Past Due Quick            1 Page(s).
08-11-2001 15:33:03 ADAMS, GREG J.      Past Due Quick            1 Page(s).
08-11-2001 16:48:23 ADAMS, GREG J.      Past Due Quick            1 Page(s).
08-11-2001 16:48:53 ADAMS, GREG J.      Past Due Quick            1 Page(s).
08-11-2001 17:24:42 TAYLOR JOSEPH A.    Past Due Quick            2 Page(s).
08-11-2001 17:38:41 TAYLOR JOSEPH A.    Agreement Detail          1 Page(s).
08-11-2001 17:53:03 ADAMS, GREG J.      Cash Journal              1 Page(s).
08-11-2001 17:56:38 ADAMS, GREG J.      Cash Journal              1 Page(s).
08-11-2001 17:56:42 ADAMS, GREG J.      Inventory Order Report    2 Page(s).
08-13-2001 07:47:21 TAYLOR JOSEPH A.    Past Due Detailed         7 Page(s).
08-13-2001 08:08:31 ADAMS, GREG J.      Agreement Detail          1 Page(s).
08-13-2001 09:11:24 ADAMS, GREG J.      Past Due Detailed        13 Page(s).
08-13-2001 09:31:06 ADAMS, GREG J.      Past Due Detailed        12 Page(s).
08-13-2001 09:54:27 ADAMS, GREG J.      Past Due Detailed         6 Page(s).
08-13-2001 10:03:41 ADAMS, GREG J.      Merchandise Rates         3 Page(s).
08-13-2001 10:09:18 ADAMS, GREG J.      BOR Listing               5 Page(s).
08-13-2001 10:12:12 ADAMS, GREG J.      Idle Inventory Listing    5 Page(s).
08-13-2001 10:34:09 ADAMS, GREG J.      Past Due Quick            2 Page(s).
08-13-2001 10:47:27 ADAMS, GREG J.      Past Due Quick            2 Page(s).
08-13-2001 10:57:32 ADAMS, GREG J.      Service Detail            1 Page(s).
08-13-2001 10:59:00 ADAMS, GREG J.      Past Due Quick            1 Page(s).
08-13-2001 10:59:09 ADAMS, GREG J.      Past Due Quick            1 Page(s).
08-13-2001 11:07:20 TAYLOR JOSEPH A.    Idle Inventory Listing    5 Page(s).
08-13-2001 12:16:33 ADAMS, GREG J.      Agreement Detail          1 Page(s).
08-13-2001 12:17:12 ADAMS, GREG J.      Agreement Detail          1 Page(s).
08-13-2001 12:17:36 ADAMS, GREG J.      Agreement Detail          1 Page(s).
08-13-2001 12:36:53 ADAMS, GREG J.      Past Due Quick            1 Page(s).
08-13-2001 13:15:16 ADAMS, GREG J.      Past Due Quick            1 Page(s).
08-13-2001 13:32:56 HESTER, SHANNON D.  Past Due Quick            1 Page(s).
08-13-2001 17:08:45 ADAMS, GREG J.      Cash Journal              1 Page(s).
08-13-2001 17:12:37 ADAMS, GREG J.      Cash Journal              1 Page(s).
08-14-2001 09:36:27 TAYLOR JOSEPH A.    Idle Inventory Listing    5 Page(s).
08-14-2001 11:28:02 TAYLOR JOSEPH A.    Service Detail            1 Page(s).
08-14-2001 11:29:04 ADAMS, GREG J.      Past Due Quick            1 Page(s).
08-14-2001 11:30:05 ADAMS, GREG J.      Past Due Quick            1 Page(s).
08-14-2001 14:42:02 ADAMS, GREG J.      Agreement Detail          1 Page(s).
08-14-2001 15:49:28 TAYLOR JOSEPH A.    Past Due Quick            1 Page(s).
08-14-2001 17:11:32 ADAMS, GREG J.      Cash Journal              1 Page(s).
08-14-2001 17:15:19 ADAMS, GREG J.      Cash Journal              1 Page(s).
08-15-2001 10:22:35 ADAMS, GREG J.      Past Due Quick            1 Page(s).
08-15-2001 11:15:54 ADAMS, GREG J.      Agreement Detail          1 Page(s).
08-15-2001 17:06:52 ADAMS, GREG J.      Cash Journal              1 Page(s).
08-15-2001 17:10:35 ADAMS, GREG J.      Cash Journal              1 Page(s).
08-16-2001 08:44:45 HESTER, SHANNON D.  Past Due Quick            1 Page(s).
08-16-2001 12:04:15 HESTER, SHANNON D.  Past Due Quick            1 Page(s).
08-16-2001 16:03:12 TAYLOR JOSEPH A.    Merchandise Rates         3 Page(s).
08-16-2001 17:22:42 TAYLOR JOSEPH A.    Cash Journal              1 Page(s).
08-16-2001 17:26:14 TAYLOR JOSEPH A.    Cash Journal              1 Page(s).
08-17-2001 08:35:05 ADAMS, GREG J.      Past Due Quick            1 Page(s).
08-17-2001 08:36:01 ADAMS, GREG J.      Past Due Quick            1 Page(s).
08-17-2001 09:45:41 ADAMS, GREG J.      Agreement Detail          1 Page(s).
08-17-2001 09:46:15 ADAMS, GREG J.      Agreement Detail          1 Page(s).
08-17-2001 12:25:07 ADAMS, GREG J.      Agreement Detail          1 Page(s).
08-17-2001 12:25:49 ADAMS, GREG J.      Past Due Quick            1 Page(s).
08-17-2001 12:26:21 ADAMS, GREG J.      Past Due Quick            1 Page(s).
08-17-2001 12:29:09 HESTER, SHANNON D.  Past Due Quick            1 Page(s).
08-17-2001 13:16:19 TAYLOR JOSEPH A.    Past Due Quick            1 Page(s).
08-17-2001 13:17:01 TAYLOR JOSEPH A.    Past Due Quick            1 Page(s).
08-17-2001 13:46:52 ADAMS, GREG J.      Agreement Detail          1 Page(s).
08-17-2001 14:59:21 TAYLOR JOSEPH A.    Past Due Detailed         3 Page(s).
08-17-2001 15:02:42 TAYLOR JOSEPH A.    Past Due Detailed         3 Page(s).
08-17-2001 15:20:56 ADAMS, GREG J.      Past Due Detailed         1 Page(s).
08-17-2001 17:21:53 ADAMS, GREG J.      Past Due Quick            1 Page(s).
08-17-2001 17:22:22 ADAMS, GREG J.      Past Due Quick            1 Page(s).
08-17-2001 17:43:13 ADAMS, GREG J.      Past Due Quick            1 Page(s).
08-17-2001 18:11:58 ADAMS, GREG J.      Cash Journal              1 Page(s).
08-17-2001 18:16:06 ADAMS, GREG J.      Cash Journal              1 Page(s).
08-18-2001 08:10:25 TAYLOR JOSEPH A.    Past Due Quick            1 Page(s).
08-18-2001 08:17:58 ADAMS, GREG J.      Past Due Quick            1 Page(s).
08-18-2001 08:18:31 ADAMS, GREG J.      Past Due Quick            1 Page(s).
08-18-2001 10:15:01 HESTER, SHANNON D.  Past Due Quick            1 Page(s).
08-18-2001 11:34:50 ADAMS, GREG J.      Past Due Quick            1 Page(s).
08-18-2001 11:35:17 ADAMS, GREG J.      Past Due Quick            1 Page(s).
08-18-2001 11:37:02 TAYLOR JOSEPH A.    Agreement Detail          1 Page(s).
08-18-2001 11:41:10 ADAMS, GREG J.      Past Due Detailed         3 Page(s).
08-18-2001 12:13:51 ADAMS, GREG J.      Past Due Detailed         2 Page(s).
08-18-2001 13:52:51 HESTER, SHANNON D.  Past Due Quick            1 Page(s).
08-18-2001 16:19:14 ADAMS, GREG J.      Past Due Quick            1 Page(s).
08-18-2001 16:24:58 ADAMS, GREG J.      Past Due Quick            1 Page(s).
08-18-2001 17:15:48 ADAMS, GREG J.      Past Due Quick            1 Page(s).
08-18-2001 17:18:23 ADAMS, GREG J.      Past Due Detailed         2 Page(s).
08-18-2001 17:36:01 ADAMS, GREG J.      Cash Journal              1 Page(s).
08-18-2001 17:40:22 ADAMS, GREG J.      Cash Journal              1 Page(s).
08-18-2001 17:40:25 ADAMS, GREG J.      Inventory Order Report    3 Page(s).
08-20-2001 08:34:26 TAYLOR JOSEPH A.    Past Due Detailed         6 Page(s).
08-20-2001 08:39:51 ADAMS, GREG J.      Past Due Detailed         5 Page(s).
08-20-2001 08:43:11 ADAMS, GREG J.      Agreement Detail          1 Page(s).
08-20-2001 08:48:26 ADAMS, GREG J.      Idle Inventory Listing    5 Page(s).
08-20-2001 08:53:50 ADAMS, GREG J.      Merchandise Rates         3 Page(s).
08-20-2001 08:59:55 ADAMS, GREG J.      BOR Listing               5 Page(s).
08-20-2001 09:01:18 ADAMS, GREG J.      Past Due Quick            2 Page(s).
08-20-2001 09:02:34 ADAMS, GREG J.      Past Due Quick            1 Page(s).
08-20-2001 09:10:21 ADAMS, GREG J.      Past Due Detailed         6 Page(s).
08-20-2001 09:15:35 ADAMS, GREG J.      Past Due Detailed         5 Page(s).
08-20-2001 09:16:08 HESTER, SHANNON D.  Agreement Detail          1 Page(s).
08-20-2001 11:43:37 TAYLOR JOSEPH A.    Loaner & Service Detail   1 Page(s).
08-20-2001 11:44:50 TAYLOR JOSEPH A.    Service Detail            1 Page(s).
08-20-2001 16:21:18 ADAMS, GREG J.      Past Due Quick            1 Page(s).
08-20-2001 16:22:08 ADAMS, GREG J.      Past Due Quick            1 Page(s).
08-20-2001 17:06:35 ADAMS, GREG J.      Cash Journal              1 Page(s).
08-20-2001 17:09:53 ADAMS, GREG J.      Cash Journal              1 Page(s).
08-21-2001 08:31:24 ADAMS, GREG J.      Past Due Quick            1 Page(s).
08-21-2001 08:32:31 ADAMS, GREG J.      Past Due Quick            1 Page(s).
08-21-2001 08:33:27 ADAMS, GREG J.      Past Due Quick            1 Page(s).
08-21-2001 15:55:35 ADAMS, GREG J.      Agreement Detail          1 Page(s).
08-21-2001 15:56:02 ADAMS, GREG J.      Agreement Detail          1 Page(s).
08-21-2001 16:09:39 ADAMS, GREG J.      Past Due Quick            1 Page(s).
08-21-2001 16:10:25 ADAMS, GREG J.      Past Due Quick            1 Page(s).
08-21-2001 17:01:04 ADAMS, GREG J.      Cash Journal              1 Page(s).
08-21-2001 17:03:33 ADAMS, GREG J.      Cash Journal              1 Page(s).
08-22-2001 12:59:24 ADAMS, GREG J.      Past Due Quick            1 Page(s).
08-22-2001 14:49:58 ADAMS, GREG J.      Agreement Detail          1 Page(s).
08-22-2001 14:50:25 ADAMS, GREG J.      Agreement Detail          1 Page(s).
08-22-2001 14:50:53 ADAMS, GREG J.      Agreement Detail          1 Page(s).
08-22-2001 17:04:43 ADAMS, GREG J.      Cash Journal              1 Page(s).
08-22-2001 17:07:46 ADAMS, GREG J.      Cash Journal              1 Page(s).
08-23-2001 09:42:52 HESTER, SHANNON D.  Past Due Quick            1 Page(s).
08-23-2001 15:00:13 TAYLOR JOSEPH A.    Service Detail            1 Page(s).
08-23-2001 16:49:25 HESTER, SHANNON D.  Past Due Quick            1 Page(s).
08-23-2001 17:08:57 TAYLOR JOSEPH A.    Cash Journal              1 Page(s).
08-23-2001 17:12:13 TAYLOR JOSEPH A.    Cash Journal              1 Page(s).
08-24-2001 08:34:28 ADAMS, GREG J.      Past Due Quick            1 Page(s).
08-24-2001 08:35:11 ADAMS, GREG J.      Past Due Quick            1 Page(s).
08-24-2001 09:14:26 ADAMS, GREG J.      Past Due Quick            1 Page(s).
08-24-2001 09:15:01 ADAMS, GREG J.      Past Due Quick            1 Page(s).
08-24-2001 10:30:34 TAYLOR JOSEPH A.    Past Due Quick            1 Page(s).
08-24-2001 10:31:09 TAYLOR JOSEPH A.    Past Due Quick            1 Page(s).
08-24-2001 16:25:50 TAYLOR JOSEPH A.    Past Due Quick            1 Page(s).
08-24-2001 16:26:19 TAYLOR JOSEPH A.    Past Due Quick            1 Page(s).
08-24-2001 17:29:55 ADAMS, GREG J.      Past Due Quick            1 Page(s).
08-24-2001 17:30:23 ADAMS, GREG J.      Past Due Quick            1 Page(s).
08-24-2001 18:07:08 TAYLOR JOSEPH A.    Cash Journal              2 Page(s).
08-24-2001 18:11:14 TAYLOR JOSEPH A.    Cash Journal              2 Page(s).
08-25-2001 09:07:28 ADAMS, GREG J.      Past Due Quick            1 Page(s).
08-25-2001 09:07:49 ADAMS, GREG J.      Past Due Quick            1 Page(s).
08-25-2001 09:19:31 ADAMS, GREG J.      Past Due Quick            1 Page(s).
08-25-2001 09:19:52 ADAMS, GREG J.      Past Due Quick            1 Page(s).
08-25-2001 09:27:17 ADAMS, GREG J.      Past Due Detailed         2 Page(s).
08-25-2001 09:34:44 ADAMS, GREG J.      Past Due Detailed         2 Page(s).
08-25-2001 11:00:50 ADAMS, GREG J.      Agreement Detail          1 Page(s).
08-25-2001 11:31:42 ADAMS, GREG J.      Agreement Detail          1 Page(s).
08-25-2001 15:50:08 ADAMS, GREG J.      Past Due Quick            1 Page(s).
08-25-2001 15:50:23 ADAMS, GREG J.      Past Due Quick            1 Page(s).
08-25-2001 16:46:46 ADAMS, GREG J.      Past Due Quick            1 Page(s).
08-25-2001 16:47:02 ADAMS, GREG J.      Past Due Quick            1 Page(s).
08-25-2001 16:53:24 TAYLOR JOSEPH A.    Agreement Detail          1 Page(s).
08-25-2001 16:54:08 TAYLOR JOSEPH A.    Agreement Detail          1 Page(s).
08-25-2001 16:55:08 TAYLOR JOSEPH A.    Agreement Detail          1 Page(s).
08-25-2001 18:00:45 ADAMS, GREG J.      Cash Journal              1 Page(s).
08-25-2001 18:08:58 ADAMS, GREG J.      Cash Journal              1 Page(s).
08-25-2001 18:09:01 ADAMS, GREG J.      Inventory Order Report    3 Page(s).
08-27-2001 08:09:55 ADAMS, GREG J.      Past Due Detailed         6 Page(s).
08-27-2001 08:15:48 ADAMS, GREG J.      Past Due Detailed         6 Page(s).
08-27-2001 08:20:24 ADAMS, GREG J.      Idle Inventory Listing    5 Page(s).
08-27-2001 08:22:57 ADAMS, GREG J.      Merchandise Rates         3 Page(s).
08-27-2001 08:33:09 ADAMS, GREG J.      Agreement Detail          1 Page(s).
08-27-2001 08:34:44 ADAMS, GREG J.      Past Due Quick            2 Page(s).
08-27-2001 08:35:54 ADAMS, GREG J.      Past Due Quick            2 Page(s).
08-27-2001 10:17:44 ADAMS, GREG J.      Past Due Quick            1 Page(s).
08-27-2001 12:20:50 ADAMS, GREG J.      Past Due Quick            2 Page(s).
08-27-2001 12:22:25 HESTER, SHANNON D.  Past Due Quick            2 Page(s).
08-27-2001 12:24:02 HESTER, SHANNON D.  Past Due Quick            2 Page(s).
08-27-2001 14:20:10 ADAMS, GREG J.      Agreement Detail          1 Page(s).
08-27-2001 14:20:36 ADAMS, GREG J.      Agreement Detail          1 Page(s).
08-27-2001 15:16:52 ADAMS, GREG J.      Past Due Detailed         5 Page(s).
08-27-2001 15:23:39 ADAMS, GREG J.      Past Due Detailed         5 Page(s).
08-27-2001 15:27:13 ADAMS, GREG J.      Agreement Detail          1 Page(s).
08-27-2001 17:10:20 ADAMS, GREG J.      Cash Journal              1 Page(s).
08-27-2001 17:13:58 ADAMS, GREG J.      Cash Journal              1 Page(s).
08-28-2001 08:36:07 ADAMS, GREG J.      Past Due Quick            1 Page(s).
08-28-2001 08:37:20 ADAMS, GREG J.      Past Due Quick            2 Page(s).
08-28-2001 11:52:58 ADAMS, GREG J.      Agreement Detail          1 Page(s).
08-28-2001 11:57:17 HESTER, SHANNON D.  Past Due Quick            1 Page(s).
08-28-2001 17:01:23 ADAMS, GREG J.      Cash Journal              1 Page(s).
08-28-2001 17:04:32 ADAMS, GREG J.      Cash Journal              1 Page(s).
08-29-2001 08:45:09 ADAMS, GREG J.      Past Due Quick            1 Page(s).
08-29-2001 08:46:03 ADAMS, GREG J.      Past Due Quick            1 Page(s).
08-29-2001 17:02:17 ADAMS, GREG J.      Cash Journal              1 Page(s).
08-29-2001 17:05:13 ADAMS, GREG J.      Cash Journal              1 Page(s).
08-30-2001 08:45:34 TAYLOR JOSEPH A.    Service Detail            1 Page(s).
08-30-2001 08:48:59 TAYLOR JOSEPH A.    Idle Inventory Listing    5 Page(s).
08-30-2001 09:05:57 TAYLOR JOSEPH A.    Idle Inventory Listing    5 Page(s).
08-30-2001 09:10:32 TAYLOR JOSEPH A.    Idle Inventory Listing    5 Page(s).
08-30-2001 09:28:15 TAYLOR JOSEPH A.    Past Due Detailed         5 Page(s).
08-30-2001 15:16:45 HESTER, SHANNON D.  Past Due Quick            1 Page(s).
08-30-2001 17:07:55 TAYLOR JOSEPH A.    Cash Journal              1 Page(s).
08-30-2001 17:16:19 TAYLOR JOSEPH A.    Cash Journal              1 Page(s).
08-31-2001 08:34:10 ADAMS, GREG J.      Past Due Quick            1 Page(s).
08-31-2001 08:37:03 ADAMS, GREG J.      Past Due Quick            1 Page(s).
08-31-2001 08:38:16 ADAMS, GREG J.      Past Due Quick            1 Page(s).
08-31-2001 13:59:09 HESTER, SHANNON D.  Past Due Quick            1 Page(s).
08-31-2001 14:37:20 TAYLOR JOSEPH A.    Service Detail            1 Page(s).
08-31-2001 15:52:30 ADAMS, GREG J.      Past Due Quick            1 Page(s).
08-31-2001 15:53:35 ADAMS, GREG J.      Past Due Quick            1 Page(s).
08-31-2001 17:10:17 ADAMS, GREG J.      Past Due Quick            1 Page(s).
08-31-2001 17:11:03 ADAMS, GREG J.      Past Due Quick            1 Page(s).
08-31-2001 18:06:09 ADAMS, GREG J.      Cash Journal              2 Page(s).
08-31-2001 18:10:15 ADAMS, GREG J.      Cash Journal              2 Page(s).
08-31-2001 18:11:40 ADAMS, GREG J.      Inventory Status          1 Page(s).
08-31-2001 18:11:40 ADAMS, GREG J.      Inventory Status          1 Page(s).
09-01-2001 08:20:53 ADAMS, GREG J.      Past Due Quick            1 Page(s).
09-01-2001 08:21:49 ADAMS, GREG J.      Past Due Quick            1 Page(s).
09-01-2001 09:25:13 TAYLOR JOSEPH A.    Agreement Detail          2 Page(s).
09-01-2001 11:23:30 TAYLOR JOSEPH A.    Agreement Detail          1 Page(s).
09-01-2001 11:55:44 HESTER, SHANNON D.  Past Due Quick            1 Page(s).
09-01-2001 13:20:08 ADAMS, GREG J.      Past Due Quick            1 Page(s).
09-01-2001 13:22:05 ADAMS, GREG J.      Past Due Detailed         2 Page(s).
09-01-2001 14:48:45 HESTER, SHANNON D.  Past Due Quick            1 Page(s).
09-01-2001 15:14:06 TAYLOR JOSEPH A.    Agreement Detail          1 Page(s).
09-01-2001 15:15:03 TAYLOR JOSEPH A.    Agreement Detail          1 Page(s).
09-01-2001 15:27:12 TAYLOR JOSEPH A.    Agreement Detail          1 Page(s).
09-01-2001 15:57:05 TAYLOR JOSEPH A.    Past Due Detailed         3 Page(s).
09-01-2001 15:59:18 TAYLOR JOSEPH A.    Past Due Detailed         2 Page(s).
09-01-2001 16:06:55 TAYLOR JOSEPH A.    Past Due Detailed         3 Page(s).
09-01-2001 16:10:59 TAYLOR JOSEPH A.    Past Due Detailed         5 Page(s).
09-01-2001 16:25:03 ADAMS, GREG J.      Past Due Quick            1 Page(s).
09-01-2001 17:34:51 ADAMS, GREG J.      Cash Journal              2 Page(s).
09-01-2001 17:39:06 ADAMS, GREG J.      Cash Journal              2 Page(s).
09-01-2001 17:39:09 ADAMS, GREG J.      Inventory Order Report    2 Page(s).
09-04-2001 08:44:33 ADAMS, GREG J.      Past Due Detailed         6 Page(s).
09-04-2001 08:50:02 ADAMS, GREG J.      Past Due Detailed         5 Page(s).
09-04-2001 08:53:34 ADAMS, GREG J.      Idle Inventory Listing    5 Page(s).
09-04-2001 16:21:09 ADAMS, GREG J.      Agreement Detail          1 Page(s).
09-04-2001 16:55:30 TAYLOR JOSEPH A.    Agreement Detail          1 Page(s).
09-04-2001 17:08:29 ADAMS, GREG J.      Cash Journal              1 Page(s).
09-04-2001 17:12:09 ADAMS, GREG J.      Cash Journal              1 Page(s).
09-05-2001 08:34:25 ADAMS, GREG J.      Past Due Quick            1 Page(s).
09-05-2001 08:35:21 ADAMS, GREG J.      Past Due Quick            1 Page(s).
09-05-2001 08:58:14 TAYLOR JOSEPH A.    Service Detail            1 Page(s).
09-05-2001 09:08:09 TAYLOR JOSEPH A.    Loaner & Service Detail   1 Page(s).
09-05-2001 16:55:00 ADAMS, GREG J.      Agreement Detail          1 Page(s).
09-05-2001 17:03:14 ADAMS, GREG J.      Cash Journal              1 Page(s).
09-05-2001 17:06:17 ADAMS, GREG J.      Cash Journal              1 Page(s).
09-06-2001 08:34:13 ADAMS, GREG J.      Past Due Quick            1 Page(s).
09-06-2001 08:35:21 ADAMS, GREG J.      Past Due Quick            1 Page(s).
09-06-2001 11:38:33 ADAMS, GREG J.      BOR Listing               6 Page(s).
09-06-2001 11:43:01 ADAMS, GREG J.      BOR Listing               6 Page(s).
09-06-2001 11:50:25 ADAMS, GREG J.      BOR Listing               6 Page(s).
09-06-2001 12:02:16 ADAMS, GREG J.      Past Due Detailed         6 Page(s).
09-06-2001 12:07:36 ADAMS, GREG J.      Past Due Detailed         5 Page(s).
09-06-2001 13:30:46 ADAMS, GREG J.      Idle Inventory Listing    5 Page(s).
09-06-2001 13:45:02 ADAMS, GREG J.      Service Detail            1 Page(s).
09-06-2001 13:45:29 ADAMS, GREG J.      Loaner & Service Detail   1 Page(s).
09-06-2001 15:20:52 TAYLOR JOSEPH A.    Agreement Detail          1 Page(s).
09-06-2001 17:29:52 ADAMS, GREG J.      Cash Journal              1 Page(s).
09-06-2001 17:33:27 ADAMS, GREG J.      Cash Journal              1 Page(s).
09-07-2001 08:34:24 ADAMS, GREG J.      Past Due Quick            1 Page(s).
09-07-2001 08:35:03 ADAMS, GREG J.      Past Due Quick            1 Page(s).
09-07-2001 10:33:11 ADAMS, GREG J.      Agreement Detail          1 Page(s).
09-07-2001 10:34:43 ADAMS, GREG J.      Past Due Quick            1 Page(s).
09-07-2001 10:35:22 ADAMS, GREG J.      Past Due Quick            1 Page(s).
09-07-2001 12:57:24 HESTER, SHANNON D.  Past Due Quick            1 Page(s).
09-07-2001 13:00:16 HESTER, SHANNON D.  Past Due Quick            1 Page(s).
09-07-2001 13:01:37 HESTER, SHANNON D.  Past Due Quick            1 Page(s).
09-07-2001 13:19:23 ADAMS, GREG J.      Past Due Quick            1 Page(s).
09-07-2001 13:20:02 ADAMS, GREG J.      Past Due Quick            1 Page(s).
09-07-2001 15:19:09 ADAMS, GREG J.      Agreement Detail          1 Page(s).
09-07-2001 16:15:33 TAYLOR JOSEPH A.    Past Due Quick            1 Page(s).
09-07-2001 17:47:51 TAYLOR JOSEPH A.    Past Due Quick            1 Page(s).
09-07-2001 17:48:16 TAYLOR JOSEPH A.    Past Due Quick            1 Page(s).
09-07-2001 18:15:01 ADAMS, GREG J.      Cash Journal              2 Page(s).
09-07-2001 18:18:51 ADAMS, GREG J.      Cash Journal              2 Page(s).
09-08-2001 08:01:52 ADAMS, GREG J.      Past Due Quick            1 Page(s).
09-08-2001 08:02:29 ADAMS, GREG J.      Past Due Quick            1 Page(s).
09-08-2001 08:05:42 ADAMS, GREG J.      Past Due Quick            1 Page(s).
09-08-2001 11:12:17 HESTER, SHANNON D.  Agreement Detail          1 Page(s).
09-08-2001 11:16:02 ADAMS, GREG J.      Agreement Detail          1 Page(s).
09-08-2001 11:21:07 HESTER, SHANNON D.  Past Due Quick            1 Page(s).
09-08-2001 12:24:28 ADAMS, GREG J.      Past Due Quick            1 Page(s).
09-08-2001 12:32:08 TAYLOR JOSEPH A.    Service Detail            2 Page(s).
09-08-2001 12:32:24 TAYLOR JOSEPH A.    Loaner & Service Detail   1 Page(s).
09-08-2001 13:17:41 HESTER, SHANNON D.  Past Due Quick            1 Page(s).
09-08-2001 13:18:35 HESTER, SHANNON D.  Past Due Quick            1 Page(s).
09-08-2001 15:48:59 ADAMS, GREG J.      Past Due Quick            1 Page(s).
09-08-2001 15:49:19 ADAMS, GREG J.      Past Due Quick            1 Page(s).
09-08-2001 17:41:16 TAYLOR JOSEPH A.    Cash Journal              1 Page(s).
09-08-2001 17:47:38 TAYLOR JOSEPH A.    Cash Journal              1 Page(s).
09-08-2001 17:47:42 TAYLOR JOSEPH A.    Inventory Order Report    3 Page(s).
09-10-2001 08:16:37 TAYLOR JOSEPH A.    Past Due Detailed         6 Page(s).
09-10-2001 08:26:25 ADAMS, GREG J.      Past Due Detailed        13 Page(s).
09-10-2001 08:34:49 ADAMS, GREG J.      Past Due Detailed         9 Page(s).
09-10-2001 08:42:01 ADAMS, GREG J.      Past Due Detailed         6 Page(s).
09-10-2001 08:46:33 ADAMS, GREG J.      Past Due Detailed         5 Page(s).
09-10-2001 08:52:32 ADAMS, GREG J.      BOR Listing               6 Page(s).
09-10-2001 08:56:07 ADAMS, GREG J.      Idle Inventory Listing    5 Page(s).
09-10-2001 08:56:57 ADAMS, GREG J.      Service Detail            1 Page(s).
09-10-2001 08:57:25 ADAMS, GREG J.      Loaner & Service Detail   1 Page(s).
09-10-2001 08:59:49 ADAMS, GREG J.      Merchandise Rates         3 Page(s).
09-10-2001 17:08:52 ADAMS, GREG J.      Cash Journal              1 Page(s).
09-10-2001 17:12:33 ADAMS, GREG J.      Cash Journal              1 Page(s).
09-11-2001 08:22:18 TAYLOR JOSEPH A.    Idle Inventory Listing    5 Page(s).
09-11-2001 09:38:36 ADAMS, GREG J.      Past Due Quick            1 Page(s).
09-11-2001 09:39:18 ADAMS, GREG J.      Past Due Quick            1 Page(s).
09-11-2001 10:28:07 ADAMS, GREG J.      Agreement Detail          1 Page(s).
09-11-2001 13:35:16 ADAMS, GREG J.      Past Due Quick            1 Page(s).
09-11-2001 13:36:08 ADAMS, GREG J.      Past Due Quick            1 Page(s).
09-11-2001 14:00:53 TAYLOR JOSEPH A.    Idle Inventory Listing    5 Page(s).
09-11-2001 15:06:11 HESTER, SHANNON D.  Past Due Quick            1 Page(s).
09-11-2001 16:59:30 ADAMS, GREG J.      Agreement Detail          1 Page(s).
09-11-2001 17:09:33 ADAMS, GREG J.      Cash Journal              1 Page(s).
09-11-2001 17:12:57 ADAMS, GREG J.      Cash Journal              1 Page(s).
09-12-2001 08:45:42 ADAMS, GREG J.      Past Due Quick            1 Page(s).
09-12-2001 13:00:20 ADAMS, GREG J.      Loaner & Service Detail   1 Page(s).
09-12-2001 13:12:49 ADAMS, GREG J.      Agreement Detail          1 Page(s).
09-12-2001 13:15:08 ADAMS, GREG J.      Agreement Detail          1 Page(s).
09-12-2001 13:15:36 ADAMS, GREG J.      Agreement Detail          1 Page(s).
09-12-2001 13:17:04 ADAMS, GREG J.      Agreement Detail          1 Page(s).
09-12-2001 13:54:02 ADAMS, GREG J.      Agreement Detail          1 Page(s).
09-12-2001 15:58:28 ADAMS, GREG J.      Past Due Quick            1 Page(s).
09-12-2001 16:44:10 ADAMS, GREG J.      Agreement Detail          1 Page(s).
09-12-2001 17:00:10 ADAMS, GREG J.      Cash Journal              1 Page(s).
09-12-2001 17:05:08 ADAMS, GREG J.      Cash Journal              1 Page(s).
09-13-2001 09:45:36 TAYLOR JOSEPH A.    Service Detail            2 Page(s).
09-13-2001 10:21:22 HESTER, SHANNON D.  Agreement Detail          1 Page(s).
09-13-2001 10:26:05 HESTER, SHANNON D.  Past Due Quick            1 Page(s).
09-13-2001 10:27:22 TAYLOR JOSEPH A.    Past Due Quick            1 Page(s).
09-13-2001 14:02:02 TAYLOR JOSEPH A.    Idle Inventory Listing    5 Page(s).
09-13-2001 16:02:29 HESTER, SHANNON D.  Past Due Quick            1 Page(s).
09-13-2001 17:28:01 TAYLOR JOSEPH A.    Cash Journal              1 Page(s).
09-13-2001 17:38:43 TAYLOR JOSEPH A.    Cash Journal              1 Page(s).
09-14-2001 08:30:38 ADAMS, GREG J.      Past Due Quick            1 Page(s).
09-14-2001 08:31:26 ADAMS, GREG J.      Past Due Quick            1 Page(s).
09-14-2001 09:10:14 TAYLOR JOSEPH A.    Past Due Quick            1 Page(s).
09-14-2001 09:10:21 TAYLOR JOSEPH A.    Past Due Quick            1 Page(s).
09-14-2001 09:21:19 TAYLOR JOSEPH A.    Agreement Detail          1 Page(s).
09-14-2001 10:06:22 ADAMS, GREG J.      Agreement Detail          1 Page(s).
09-14-2001 10:07:05 ADAMS, GREG J.      Agreement Detail          1 Page(s).
09-14-2001 10:08:15 ADAMS, GREG J.      Agreement Detail          1 Page(s).
09-14-2001 10:08:56 ADAMS, GREG J.      Agreement Detail          1 Page(s).
09-14-2001 14:25:24 ADAMS, GREG J.      Merchandise Rates         3 Page(s).
09-14-2001 18:02:49 ADAMS, GREG J.      Cash Journal              1 Page(s).
09-14-2001 18:07:24 ADAMS, GREG J.      Cash Journal              1 Page(s).
09-15-2001 09:07:50 ADAMS, GREG J.      Past Due Quick            1 Page(s).
09-15-2001 09:08:34 ADAMS, GREG J.      Past Due Quick            1 Page(s).
09-15-2001 10:35:27 ADAMS, GREG J.      Past Due Quick            1 Page(s).
09-15-2001 10:35:47 ADAMS, GREG J.      Past Due Quick            1 Page(s).
09-15-2001 11:45:31 TAYLOR JOSEPH A.    Past Due Quick            1 Page(s).
09-15-2001 11:46:12 TAYLOR JOSEPH A.    Past Due Quick            1 Page(s).
09-15-2001 15:21:05 TAYLOR JOSEPH A.    Past Due Quick            1 Page(s).
09-15-2001 15:21:23 TAYLOR JOSEPH A.    Past Due Quick            1 Page(s).
09-15-2001 15:29:02 ADAMS, GREG J.      Agreement Detail          1 Page(s).
09-15-2001 16:58:25 ADAMS, GREG J.      Past Due Quick            1 Page(s).
09-15-2001 17:09:07 ADAMS, GREG J.      Past Due Detailed         2 Page(s).
09-15-2001 18:06:56 ADAMS, GREG J.      Cash Journal              1 Page(s).
09-15-2001 18:10:58 ADAMS, GREG J.      Cash Journal              1 Page(s).
09-15-2001 18:11:02 ADAMS, GREG J.      Inventory Order Report    3 Page(s).
09-17-2001 08:12:11 ADAMS, GREG J.      Past Due Detailed         6 Page(s).
09-17-2001 08:17:54 ADAMS, GREG J.      Past Due Detailed         6 Page(s).
09-17-2001 08:18:57 ADAMS, GREG J.      Service Detail            2 Page(s).
09-17-2001 08:21:58 ADAMS, GREG J.      Idle Inventory Listing    5 Page(s).
09-17-2001 08:22:15 ADAMS, GREG J.      Loaner & Service Detail   1 Page(s).
09-17-2001 08:24:32 ADAMS, GREG J.      Merchandise Rates         3 Page(s).
09-17-2001 08:28:12 ADAMS, GREG J.      Past Due Quick            2 Page(s).
09-17-2001 08:29:19 ADAMS, GREG J.      Past Due Quick            2 Page(s).
09-17-2001 08:35:00 ADAMS, GREG J.      Past Due Detailed         6 Page(s).
09-17-2001 08:40:32 ADAMS, GREG J.      Past Due Detailed         6 Page(s).
09-17-2001 16:02:34 HESTER, SHANNON D.  Past Due Quick            1 Page(s).
09-17-2001 17:00:11 ADAMS, GREG J.      Cash Journal              1 Page(s).
09-17-2001 17:06:19 ADAMS, GREG J.      Cash Journal              1 Page(s).
09-18-2001 08:32:12 ADAMS, GREG J.      Past Due Quick            1 Page(s).
09-18-2001 08:33:10 ADAMS, GREG J.      Past Due Quick            1 Page(s).
09-18-2001 16:59:39 ADAMS, GREG J.      Cash Journal              1 Page(s).
09-18-2001 17:03:18 ADAMS, GREG J.      Cash Journal              1 Page(s).
09-19-2001 08:35:04 ADAMS, GREG J.      Past Due Quick            1 Page(s).
09-19-2001 08:38:27 ADAMS, GREG J.      Past Due Quick            1 Page(s).
09-19-2001 08:39:13 ADAMS, GREG J.      Past Due Quick            1 Page(s).
09-19-2001 12:27:33 ADAMS, GREG J.      Past Due Quick            1 Page(s).
09-19-2001 12:28:19 ADAMS, GREG J.      Past Due Quick            1 Page(s).
09-19-2001 17:10:13 WILD DARIN L.       Cash Journal              1 Page(s).
09-19-2001 17:16:03 WILD DARIN L.       Cash Journal              1 Page(s).
09-19-2001 17:21:06 ADAMS, GREG J.      Cash Journal              1 Page(s).
09-19-2001 17:24:47 ADAMS, GREG J.      Cash Journal              1 Page(s).
09-20-2001 08:50:35 HESTER, SHANNON D.  Past Due Quick            1 Page(s).
09-20-2001 17:06:19 WILD DARIN L.       Cash Journal              1 Page(s).
09-20-2001 17:07:59 WILD DARIN L.       Cash Journal              1 Page(s).
09-20-2001 17:12:02 WILD DARIN L.       Cash Journal              1 Page(s).
09-21-2001 08:34:10 ADAMS, GREG J.      Agreement Detail          1 Page(s).
09-21-2001 08:47:12 ADAMS, GREG J.      Past Due Quick            1 Page(s).
09-21-2001 08:47:53 ADAMS, GREG J.      Past Due Quick            1 Page(s).
09-21-2001 11:33:10 HESTER, SHANNON D.  Agreement Detail          1 Page(s).
09-21-2001 12:34:40 WILD DARIN L.       Past Due Quick            1 Page(s).
09-21-2001 12:43:49 HESTER, SHANNON D.  Past Due Quick            1 Page(s).
09-21-2001 13:41:48 ADAMS, GREG J.      Agreement Detail          1 Page(s).
09-21-2001 14:43:05 ADAMS, GREG J.      Past Due Quick            1 Page(s).
09-21-2001 14:44:02 ADAMS, GREG J.      Past Due Quick            1 Page(s).
09-21-2001 14:44:33 ADAMS, GREG J.      Past Due Quick            1 Page(s).
09-21-2001 16:43:01 HESTER, SHANNON D.  Agreement Detail          1 Page(s).
09-21-2001 16:43:58 HESTER, SHANNON D.  Past Due Quick            1 Page(s).
09-21-2001 16:51:17 HESTER, SHANNON D.  Agreement Detail          1 Page(s).
09-21-2001 17:05:41 ADAMS, GREG J.      Past Due Detailed         3 Page(s).
09-21-2001 17:07:37 ADAMS, GREG J.      Past Due Detailed         2 Page(s).
09-21-2001 18:00:52 ADAMS, GREG J.      Cash Journal              1 Page(s).
09-21-2001 18:05:14 ADAMS, GREG J.      Cash Journal              1 Page(s).
09-22-2001 08:06:48 ADAMS, GREG J.      Past Due Detailed         2 Page(s).
09-22-2001 08:09:12 ADAMS, GREG J.      Past Due Detailed         3 Page(s).
09-22-2001 08:54:42 ADAMS, GREG J.      Service Detail            1 Page(s).
09-22-2001 08:55:56 ADAMS, GREG J.      Loaner & Service Detail   1 Page(s).
09-22-2001 09:19:10 DAVIS, THOMAS       Past Due Quick            1 Page(s).
09-22-2001 09:22:22 DAVIS, THOMAS       Past Due Detailed         1 Page(s).
09-22-2001 09:23:46 DAVIS, THOMAS       Past Due Quick            2 Page(s).
09-22-2001 09:25:42 DAVIS, THOMAS       Past Due Quick            1 Page(s).
09-22-2001 09:36:47 DAVIS, THOMAS       Past Due Detailed        15 Page(s).
09-22-2001 09:48:13 DAVIS, THOMAS       Past Due Detailed        15 Page(s).
09-22-2001 10:42:03 ADAMS, GREG J.      Agreement Detail          1 Page(s).
09-22-2001 10:50:15 ADAMS, GREG J.      Agreement Detail          1 Page(s).
09-22-2001 10:50:49 ADAMS, GREG J.      Agreement Detail          1 Page(s).
09-22-2001 11:47:33 ADAMS, GREG J.      Past Due Quick            1 Page(s).
09-22-2001 11:47:54 ADAMS, GREG J.      Past Due Quick            1 Page(s).
09-22-2001 12:08:00 DAVIS, THOMAS       Past Due Quick            2 Page(s).
09-22-2001 12:09:17 ADAMS, GREG J.      Agreement Detail          1 Page(s).
09-22-2001 13:35:22 ADAMS, GREG J.      Agreement Detail          1 Page(s).
09-22-2001 14:30:57 ADAMS, GREG J.      Past Due Quick            1 Page(s).
09-22-2001 14:31:17 ADAMS, GREG J.      Past Due Quick            1 Page(s).
09-22-2001 15:40:31 ADAMS, GREG J.      Past Due Quick            1 Page(s).
09-22-2001 15:41:26 ADAMS, GREG J.      Past Due Quick            1 Page(s).
09-22-2001 17:17:48 DAVIS, THOMAS       Cash Journal              1 Page(s).
09-22-2001 17:21:48 DAVIS, THOMAS       Cash Journal              1 Page(s).
09-22-2001 17:21:52 DAVIS, THOMAS       Inventory Order Report    3 Page(s).
09-24-2001 08:32:32 TAYLOR JOSEPH A.    Past Due Quick            1 Page(s).
09-24-2001 08:34:17 TAYLOR JOSEPH A.    Past Due Quick            1 Page(s).
09-24-2001 08:35:12 ADAMS, GREG J.      Agreement Detail          1 Page(s).
09-24-2001 09:34:09 TAYLOR JOSEPH A.    Agreement Detail          1 Page(s).
09-24-2001 10:00:26 ADAMS, GREG J.      Agreement Detail          1 Page(s).
09-24-2001 10:14:54 TAYLOR JOSEPH A.    Idle Inventory Listing    5 Page(s).
09-24-2001 10:18:23 TAYLOR JOSEPH A.    Service Detail            1 Page(s).
09-24-2001 10:18:36 TAYLOR JOSEPH A.    Loaner & Service Detail   1 Page(s).
09-24-2001 10:29:12 ADAMS, GREG J.      Merchandise Rates         3 Page(s).
09-24-2001 10:30:23 ADAMS, GREG J.      Past Due Quick            1 Page(s).
09-24-2001 10:37:57 ADAMS, GREG J.      Past Due Quick            1 Page(s).
09-24-2001 11:15:40 TAYLOR JOSEPH A.    Agreement Detail          1 Page(s).
09-24-2001 11:22:26 TAYLOR JOSEPH A.    BOR Listing               6 Page(s).
09-24-2001 11:31:57 ADAMS, GREG J.      Past Due Detailed         4 Page(s).
09-24-2001 11:36:22 ADAMS, GREG J.      Past Due Detailed         5 Page(s).
09-24-2001 12:16:33 TAYLOR JOSEPH A.    Agreement Detail          1 Page(s).
09-24-2001 12:46:36 TAYLOR JOSEPH A.    Agreement Detail          1 Page(s).
09-24-2001 17:01:20 ADAMS, GREG J.      Cash Journal              1 Page(s).
09-24-2001 17:05:18 ADAMS, GREG J.      Cash Journal              1 Page(s).
09-25-2001 09:20:08 TAYLOR JOSEPH A.    Agreement Detail          1 Page(s).
09-25-2001 10:01:41 DEPIETRO, ERIC      Past Due Quick            1 Page(s).
09-25-2001 10:02:32 DEPIETRO, ERIC      Past Due Quick            1 Page(s).
09-25-2001 10:03:31 DEPIETRO, ERIC      Loaner & Service Detail   1 Page(s).
09-25-2001 11:33:52 ADAMS, GREG J.      Past Due Quick            1 Page(s).
09-25-2001 11:34:35 ADAMS, GREG J.      Past Due Quick            1 Page(s).
09-25-2001 14:13:36 DEPIETRO, ERIC      Merchandise Rates         3 Page(s).
09-25-2001 14:17:39 DEPIETRO, ERIC      Merchandise Rates         3 Page(s).
09-25-2001 16:25:48 DEPIETRO, ERIC      Past Due Detailed         8 Page(s).
09-25-2001 16:33:05 DEPIETRO, ERIC      Past Due Detailed        10 Page(s).
09-25-2001 17:18:40 ADAMS, GREG J.      Cash Journal              1 Page(s).
09-25-2001 17:22:39 ADAMS, GREG J.      Cash Journal              1 Page(s).
09-25-2001 17:26:20 ADAMS, GREG J.      Cash Journal              1 Page(s).
09-26-2001 09:07:30 ADAMS, GREG J.      Past Due Quick            1 Page(s).
09-26-2001 09:07:55 ADAMS, GREG J.      Past Due Quick            1 Page(s).
09-26-2001 09:08:26 ADAMS, GREG J.      Past Due Quick            1 Page(s).
09-26-2001 09:11:27 ADAMS, GREG J.      Past Due Quick            1 Page(s).
09-26-2001 09:14:44 ADAMS, GREG J.      Past Due Quick            1 Page(s).
09-26-2001 09:15:36 ADAMS, GREG J.      Past Due Quick            1 Page(s).
09-26-2001 11:53:30 ADAMS, GREG J.      Agreement Detail          1 Page(s).
09-26-2001 17:02:04 ADAMS, GREG J.      Cash Journal              1 Page(s).
09-26-2001 17:06:00 ADAMS, GREG J.      Cash Journal              1 Page(s).
09-27-2001 08:31:59 DEPIETRO, ERIC      Past Due Detailed         3 Page(s).
09-27-2001 08:37:06 DEPIETRO, ERIC      Past Due Detailed         4 Page(s).
09-27-2001 10:31:37 DEPIETRO, ERIC      Past Due Quick            1 Page(s).
09-27-2001 10:32:20 DEPIETRO, ERIC      Past Due Quick            1 Page(s).
09-27-2001 13:31:02 DEPIETRO, ERIC      Merchandise Rates         3 Page(s).
09-27-2001 13:54:52 DEPIETRO, ERIC      Merchandise Rates         3 Page(s).
09-27-2001 14:27:22 DEPIETRO, ERIC      Past Due Quick            1 Page(s).
09-27-2001 16:34:20 DEPIETRO, ERIC      Agreement Detail          1 Page(s).
09-27-2001 17:00:56 DEPIETRO, ERIC      Past Due Quick            1 Page(s).
09-27-2001 17:01:36 DEPIETRO, ERIC      Past Due Quick            1 Page(s).
09-27-2001 18:11:28 DEPIETRO, ERIC      Cash Journal              1 Page(s).
09-27-2001 18:17:19 DEPIETRO, ERIC      Cash Journal              1 Page(s).
09-28-2001 08:36:18 DEPIETRO, ERIC      Past Due Detailed        19 Page(s).
09-28-2001 08:40:34 DEPIETRO, ERIC      Past Due Detailed         3 Page(s).
09-28-2001 08:51:14 DEPIETRO, ERIC      Past Due Detailed         8 Page(s).
09-28-2001 08:53:35 DEPIETRO, ERIC      Past Due Detailed         2 Page(s).
09-28-2001 08:57:36 DEPIETRO, ERIC      Past Due Detailed         4 Page(s).
09-28-2001 09:06:23 PERRY JAMES R.      Bad Check Report          2 Page(s).
09-28-2001 09:06:38 PERRY JAMES R.      Loaner & Service Detail   1 Page(s).
09-28-2001 09:07:14 PERRY JAMES R.      Service Detail            1 Page(s).
09-28-2001 09:09:55 PERRY JAMES R.      Idle Inventory Listing    5 Page(s).
09-28-2001 09:23:43 PERRY JAMES R.      BOR Listing               6 Page(s).
09-28-2001 09:34:02 PERRY JAMES R.      Inventory Audit          13 Page(s).
09-28-2001 10:43:57 RAGAN, STEVE L.     Past Due Quick            1 Page(s).
09-28-2001 10:44:06 RAGAN, STEVE L.     Past Due Quick            1 Page(s).
09-28-2001 13:43:29 ADAMS, GREG J.      Past Due Quick            1 Page(s).
09-28-2001 14:38:18 RAGAN, STEVE L.     Agreement Detail          1 Page(s).
09-28-2001 14:44:08 DEPIETRO, ERIC      Agreement Detail          2 Page(s).
09-28-2001 14:44:56 DEPIETRO, ERIC      Agreement Detail          1 Page(s).
09-28-2001 15:22:34 RAGAN, STEVE L.     Loaner & Service Detail   1 Page(s).
09-28-2001 16:46:46 RAGAN, STEVE L.     Agreement Detail          1 Page(s).
09-28-2001 17:17:07 DEPIETRO, ERIC      Past Due Quick            1 Page(s).
09-28-2001 17:18:20 DEPIETRO, ERIC      Past Due Quick            1 Page(s).
09-28-2001 17:20:00 DEPIETRO, ERIC      Past Due Quick            1 Page(s).
09-28-2001 17:20:25 DEPIETRO, ERIC      Past Due Quick            1 Page(s).
09-28-2001 18:22:07 ADAMS, GREG J.      Cash Journal              1 Page(s).
09-28-2001 18:26:16 ADAMS, GREG J.      Cash Journal              1 Page(s).
09-29-2001 08:29:13 DEPIETRO, ERIC      Past Due Detailed         1 Page(s).
09-29-2001 08:31:35 DEPIETRO, ERIC      Past Due Detailed         3 Page(s).
09-29-2001 10:29:52 ADAMS, GREG J.      Past Due Quick            1 Page(s).
09-29-2001 10:32:18 ADAMS, GREG J.      Past Due Quick            1 Page(s).
09-29-2001 10:32:43 ADAMS, GREG J.      Past Due Quick            1 Page(s).
09-29-2001 10:34:19 ADAMS, GREG J.      Agreement Detail          1 Page(s).
09-29-2001 11:19:29 DEPIETRO, ERIC      Past Due Quick            1 Page(s).
09-29-2001 11:19:40 DEPIETRO, ERIC      Past Due Quick            1 Page(s).
09-29-2001 12:05:24 ADAMS, GREG J.      Agreement Detail          1 Page(s).
09-29-2001 12:06:20 ADAMS, GREG J.      Agreement Detail          1 Page(s).
09-29-2001 12:31:07 HESTER, SHANNON D.  Past Due Quick            1 Page(s).
09-29-2001 13:19:14 ADAMS, GREG J.      Agreement Detail          1 Page(s).
09-29-2001 14:53:23 DEPIETRO, ERIC      Past Due Quick            1 Page(s).
09-29-2001 16:17:23 ADAMS, GREG J.      Agreement Detail          1 Page(s).
09-29-2001 16:30:59 DEPIETRO, ERIC      Past Due Quick            1 Page(s).
09-29-2001 16:31:07 DEPIETRO, ERIC      Past Due Quick            1 Page(s).
09-29-2001 16:36:17 ADAMS, GREG J.      Agreement Detail          1 Page(s).
09-29-2001 08:29:14 RAGAN, STEVE L.     Cash Journal              2 Page(s).
09-29-2001 08:33:18 RAGAN, STEVE L.     Cash Journal              2 Page(s).
09-29-2001 08:33:22 RAGAN, STEVE L.     Inventory Order Report    3 Page(s).
09-29-2001 08:34:08 RAGAN, STEVE L.     Inventory Status          1 Page(s).
09-29-2001 08:34:09 RAGAN, STEVE L.     Inventory Status          1 Page(s).
10-01-2001 08:48:16 DEPIETRO, ERIC      Past Due Detailed         6 Page(s).
10-01-2001 08:54:18 DEPIETRO, ERIC      Past Due Detailed         5 Page(s).
10-01-2001 08:57:51 ADAMS, GREG J.      Service Detail            1 Page(s).
10-01-2001 09:02:23 ADAMS, GREG J.      BOR Listing               6 Page(s).
10-01-2001 09:06:58 ADAMS, GREG J.      BOR Listing               6 Page(s).
10-01-2001 09:09:51 ADAMS, GREG J.      Merchandise Rates         3 Page(s).
10-01-2001 09:12:20 ADAMS, GREG J.      Merchandise Rates         3 Page(s).
10-01-2001 15:11:03 ADAMS, GREG J.      Agreement Detail          1 Page(s).
10-01-2001 15:12:50 ADAMS, GREG J.      Agreement Detail          2 Page(s).
10-01-2001 15:14:09 ADAMS, GREG J.      Agreement Detail          2 Page(s).
10-01-2001 16:22:13 DEPIETRO, ERIC      Past Due Quick            1 Page(s).
10-01-2001 16:22:56 DEPIETRO, ERIC      Past Due Quick            1 Page(s).
10-01-2001 17:06:14 ADAMS, GREG J.      Cash Journal              1 Page(s).
10-01-2001 17:09:52 ADAMS, GREG J.      Cash Journal              1 Page(s).
10-02-2001 08:12:13 DEPIETRO, ERIC      Past Due Detailed         4 Page(s).
10-02-2001 08:29:00 DEPIETRO, ERIC      Past Due Detailed         4 Page(s).
10-02-2001 08:38:29 ADAMS, GREG J.      Past Due Quick            1 Page(s).
10-02-2001 08:39:23 ADAMS, GREG J.      Past Due Quick            1 Page(s).
10-02-2001 09:32:28 RAGAN, STEVE L.     Merchandise Rates         3 Page(s).
10-02-2001 11:41:45 RAGAN, STEVE L.     Agreement Detail          1 Page(s).
10-02-2001 12:00:23 RAGAN, STEVE L.     Agreement Detail          1 Page(s).
10-02-2001 13:47:51 DEPIETRO, ERIC      Merchandise Rates         3 Page(s).
10-02-2001 14:18:48 ADAMS, GREG J.      Agreement Detail          1 Page(s).
10-02-2001 14:19:15 ADAMS, GREG J.      Agreement Detail          1 Page(s).
10-02-2001 14:32:07 RAGAN, STEVE L.     Merchandise Rates         3 Page(s).
10-02-2001 15:49:43 HESTER, SHANNON D.  Past Due Quick            1 Page(s).
10-02-2001 15:59:06 DEPIETRO, ERIC      Past Due Quick            1 Page(s).
10-02-2001 16:14:34 DEPIETRO, ERIC      Past Due Quick            1 Page(s).
10-02-2001 16:15:12 DEPIETRO, ERIC      Past Due Quick            1 Page(s).
10-02-2001 17:03:12 ADAMS, GREG J.      Cash Journal              1 Page(s).
10-02-2001 17:17:26 ADAMS, GREG J.      Cash Journal              1 Page(s).
10-03-2001 13:31:14 ADAMS, GREG J.      Past Due Quick            1 Page(s).
10-03-2001 15:58:50 ADAMS, GREG J.      Past Due Quick            1 Page(s).
10-03-2001 15:59:34 ADAMS, GREG J.      Past Due Quick            1 Page(s).
10-03-2001 17:00:33 ADAMS, GREG J.      Cash Journal              1 Page(s).
10-03-2001 17:04:02 ADAMS, GREG J.      Cash Journal              1 Page(s).
10-04-2001 08:16:24 DEPIETRO, ERIC      Past Due Detailed         7 Page(s).
10-04-2001 08:21:43 DEPIETRO, ERIC      Past Due Detailed         7 Page(s).
10-04-2001 08:28:36 DEPIETRO, ERIC      Past Due Detailed         3 Page(s).
10-04-2001 08:36:27 DEPIETRO, ERIC      Past Due Detailed         3 Page(s).
10-04-2001 12:32:01 DEPIETRO, ERIC      Agreement Detail          1 Page(s).
10-04-2001 12:32:32 DEPIETRO, ERIC      Agreement Detail          1 Page(s).
10-04-2001 12:33:04 DEPIETRO, ERIC      Agreement Detail          1 Page(s).
10-04-2001 12:33:32 DEPIETRO, ERIC      Agreement Detail          1 Page(s).
10-04-2001 15:50:15 DEPIETRO, ERIC      Agreement Detail          1 Page(s).
10-04-2001 16:42:13 DEPIETRO, ERIC      Past Due Quick            1 Page(s).
10-04-2001 16:42:46 DEPIETRO, ERIC      Past Due Quick            1 Page(s).
10-04-2001 17:29:48 DEPIETRO, ERIC      Cash Journal              1 Page(s).
10-04-2001 17:35:20 DEPIETRO, ERIC      Cash Journal              1 Page(s).
10-05-2001 08:10:59 RAGAN, STEVE L.     Agreement Detail          1 Page(s).
10-05-2001 08:23:05 DEPIETRO, ERIC      Past Due Detailed         2 Page(s).
10-05-2001 08:25:42 DEPIETRO, ERIC      Past Due Detailed         3 Page(s).
10-05-2001 08:28:41 DEPIETRO, ERIC      Past Due Detailed         3 Page(s).
10-05-2001 08:34:19 DEPIETRO, ERIC      Past Due Detailed         3 Page(s).
10-05-2001 08:43:38 ADAMS, GREG J.      Past Due Quick            1 Page(s).
10-05-2001 08:44:23 ADAMS, GREG J.      Past Due Quick            1 Page(s).
10-05-2001 09:50:54 ADAMS, GREG J.      Merchandise Rates         3 Page(s).
10-05-2001 13:37:48 ADAMS, GREG J.      Agreement Detail          1 Page(s).
10-05-2001 13:46:59 ADAMS, GREG J.      Agreement Detail          1 Page(s).
10-05-2001 14:05:02 ADAMS, GREG J.      Agreement Detail          1 Page(s).
10-05-2001 14:05:57 ADAMS, GREG J.      Agreement Detail          1 Page(s).
10-05-2001 15:05:52 ADAMS, GREG J.      Agreement Detail          1 Page(s).
10-05-2001 15:57:40 DEPIETRO, ERIC      Agreement Detail          1 Page(s).
10-05-2001 16:48:39 DEPIETRO, ERIC      Past Due Quick            1 Page(s).
10-05-2001 16:48:58 DEPIETRO, ERIC      Past Due Quick            1 Page(s).
10-05-2001 18:07:44 DEPIETRO, ERIC      Cash Journal              2 Page(s).
10-05-2001 18:14:00 DEPIETRO, ERIC      Cash Journal              2 Page(s).
10-06-2001 08:08:49 DEPIETRO, ERIC      Past Due Detailed         2 Page(s).
10-06-2001 08:10:24 DEPIETRO, ERIC      Past Due Detailed         2 Page(s).
10-06-2001 08:26:32 DEPIETRO, ERIC      Past Due Detailed         4 Page(s).
10-06-2001 08:29:22 DEPIETRO, ERIC      Past Due Detailed         4 Page(s).
10-06-2001 08:45:54 ADAMS, GREG J.      Agreement Detail          1 Page(s).
10-06-2001 14:16:02 DEPIETRO, ERIC      Agreement Detail          1 Page(s).
10-06-2001 17:25:30 ADAMS, GREG J.      Past Due Quick            1 Page(s).
10-06-2001 17:36:34 ADAMS, GREG J.      Cash Journal              1 Page(s).
10-06-2001 17:40:19 ADAMS, GREG J.      Cash Journal              1 Page(s).
10-06-2001 17:40:23 ADAMS, GREG J.      Inventory Order Report    3 Page(s).
10-08-2001 08:15:37 DEPIETRO, ERIC      Past Due Detailed        14 Page(s).
10-08-2001 08:24:18 DEPIETRO, ERIC      Past Due Detailed        11 Page(s).
10-08-2001 08:30:47 DEPIETRO, ERIC      Past Due Detailed         7 Page(s).
10-08-2001 08:38:24 DEPIETRO, ERIC      Past Due Detailed         5 Page(s).
10-08-2001 08:49:35 DEPIETRO, ERIC      Service Detail            1 Page(s).
10-08-2001 08:53:48 DEPIETRO, ERIC      BOR Listing               6 Page(s).
10-08-2001 08:53:59 DEPIETRO, ERIC      Loaner & Service Detail   1 Page(s).
10-08-2001 08:56:40 DEPIETRO, ERIC      Merchandise Rates         3 Page(s).
10-08-2001 08:59:14 DEPIETRO, ERIC      Merchandise Rates         3 Page(s).
10-08-2001 14:38:49 DEPIETRO, ERIC      Service Detail            1 Page(s).
10-08-2001 16:12:25 DEPIETRO, ERIC      Service Detail            1 Page(s).
10-08-2001 16:12:44 DEPIETRO, ERIC      Loaner & Service Detail   1 Page(s).
10-08-2001 16:55:19 DEPIETRO, ERIC      Service Detail            1 Page(s).
10-08-2001 16:55:31 DEPIETRO, ERIC      Loaner & Service Detail   1 Page(s).
10-08-2001 17:12:41 DEPIETRO, ERIC      Cash Journal              1 Page(s).
10-08-2001 17:16:33 DEPIETRO, ERIC      Cash Journal              1 Page(s).
10-09-2001 08:07:14 DEPIETRO, ERIC      Past Due Detailed         6 Page(s).
10-09-2001 08:15:22 DEPIETRO, ERIC      Past Due Detailed         5 Page(s).
10-09-2001 09:51:43 DEPIETRO, ERIC      Agreement Detail          1 Page(s).
10-09-2001 11:10:42 ADAMS, GREG J.      Agreement Detail          1 Page(s).
10-09-2001 11:37:36 ADAMS, GREG J.      Loaner & Service Detail   1 Page(s).
10-09-2001 11:48:00 ADAMS, GREG J.      Agreement Detail          1 Page(s).
10-09-2001 11:48:42 ADAMS, GREG J.      Agreement Detail          1 Page(s).
10-09-2001 14:44:19 DEPIETRO, ERIC      Service Detail            2 Page(s).
10-09-2001 16:19:36 DEPIETRO, ERIC      Past Due Quick            1 Page(s).
10-09-2001 16:20:15 DEPIETRO, ERIC      Past Due Quick            1 Page(s).
10-09-2001 16:05:36 TREADWAY SUNNY G.   Cash Journal              1 Page(s).
10-09-2001 16:09:11 TREADWAY SUNNY G.   Cash Journal              1 Page(s).
10-10-2001 16:27:13 TREADWAY SUNNY G.   Cash Journal              1 Page(s).
10-10-2001 16:31:30 TREADWAY SUNNY G.   Cash Journal              1 Page(s).
10-11-2001 18:02:17 BAIRD EDWIN M.      Cash Journal              1 Page(s).
10-11-2001 18:02:35 BAIRD EDWIN M.      Cash Journal              1 Page(s).
10-12-2001 19:39:55 TREADWAY SUNNY G.   Cash Journal              2 Page(s).
10-12-2001 19:44:42 TREADWAY SUNNY G.   Cash Journal              2 Page(s).
2001 11:36:22 ADAMS, GREG J.H½ý6À‹à10-13-2094 08:28:37 DEPIETRO, ERIC      Past Due Detailed         1 Page(s).
10-13-2094 08:29:10 DEPIETRO, ERIC      Past Due Detailed         1 Page(s).
10-13-2094 08:51:05 ADAMS, GREG J.      Past Due Quick            1 Page(s).
10-13-2094 09:00:32 ADAMS, GREG J.      Loaner & Service Detail   1 Page(s).
10-13-2094 09:01:10 ADAMS, GREG J.      Past Due Detailed         1 Page(s).
10-13-2001 09:13:19 DEPIETRO, ERIC      Past Due Detailed         4 Page(s).
10-13-2001 09:16:06 DEPIETRO, ERIC      Past Due Detailed         4 Page(s).
10-13-2001 09:19:28 DEPIETRO, ERIC      Past Due Detailed         2 Page(s).
10-13-2001 09:21:06 DEPIETRO, ERIC      Past Due Detailed         2 Page(s).
10-13-2001 09:58:04 DEPIETRO, ERIC      Merchandise Rates         4 Page(s).
10-13-2001 11:31:34 DEPIETRO, ERIC      Past Due Quick            1 Page(s).
10-13-2001 11:35:28 ADAMS, GREG J.      Past Due Quick            1 Page(s).
10-13-2001 11:49:00 ADAMS, GREG J.      Past Due Quick            1 Page(s).
10-13-2001 13:46:44 HESTER, SHANNON D.  Agreement Detail          1 Page(s).
10-13-2001 13:47:12 HESTER, SHANNON D.  Agreement Detail          1 Page(s).
10-13-2001 13:53:15 ADAMS, GREG J.      Past Due Quick            1 Page(s).
10-13-2001 13:53:54 ADAMS, GREG J.      Past Due Quick            1 Page(s).
10-13-2001 14:45:04 ADAMS, GREG J.      Agreement Detail          1 Page(s).
10-13-2001 15:15:18 ADAMS, GREG J.      Past Due Quick            1 Page(s).
10-13-2001 17:06:09 DEPIETRO, ERIC      Past Due Quick            1 Page(s).
10-13-2001 17:06:47 DEPIETRO, ERIC      Past Due Quick            1 Page(s).
10-13-2001 17:07:02 DEPIETRO, ERIC      Past Due Quick            1 Page(s).
10-13-2001 17:39:21 ADAMS, GREG J.      Past Due Quick            1 Page(s).
10-13-2001 17:39:31 ADAMS, GREG J.      Past Due Quick            1 Page(s).
10-13-2001 18:02:15 DEPIETRO, ERIC      Cash Journal              1 Page(s).
10-13-2001 18:08:03 DEPIETRO, ERIC      Cash Journal              1 Page(s).
10-13-2001 18:08:08 DEPIETRO, ERIC      Inventory Order Report    3 Page(s).
10-15-2094 09:05:03 ADAMS, GREG J.      Past Due Quick            1 Page(s).
10-15-2001 09:28:25 DEPIETRO, ERIC      Past Due Detailed         8 Page(s).
10-15-2001 09:34:35 DEPIETRO, ERIC      Past Due Detailed         8 Page(s).
10-15-2001 09:45:53 DEPIETRO, ERIC      Past Due Detailed         4 Page(s).
10-15-2001 09:49:20 DEPIETRO, ERIC      Past Due Detailed         4 Page(s).
10-15-2001 10:13:44 ADAMS, GREG J.      Service Detail            2 Page(s).
10-15-2001 10:18:15 ADAMS, GREG J.      BOR Listing               6 Page(s).
10-15-2001 10:32:12 DEPIETRO, ERIC      Merchandise Rates         4 Page(s).
10-15-2001 10:35:15 DEPIETRO, ERIC      Merchandise Rates         4 Page(s).
10-15-2001 15:29:23 ADAMS, GREG J.      Agreement Detail          1 Page(s).
10-15-2001 17:17:52 DEPIETRO, ERIC      Past Due Quick            1 Page(s).
10-15-2001 17:18:31 DEPIETRO, ERIC      Past Due Quick            1 Page(s).
10-15-2001 17:55:54 ADAMS, GREG J.      Cash Journal              1 Page(s).
10-15-2001 17:59:56 ADAMS, GREG J.      Cash Journal              1 Page(s).
10-16-2001 18:27:24 ADAMS, GREG J.      Cash Journal              1 Page(s).
10-16-2001 18:32:11 ADAMS, GREG J.      Cash Journal              1 Page(s).
